// Jest Snapshot v1, https://goo.gl/fbAQLP

exports[`Table should render correctly 1`] = `
<div>
  <div
    class=""
  >
    <div
      class="ant-table-wrapper css-dev-only-do-not-override-os2fvf"
    >
      <div
        class="ant-spin-nested-loading css-dev-only-do-not-override-os2fvf"
      >
        <div
          class="ant-spin-container"
        >
          <div
            class="ant-table css-dev-only-do-not-override-os2fvf"
          >
            <div
              class="ant-table-container"
            >
              <div
                class="ant-table-content"
              >
                <table
                  style="table-layout: auto;"
                >
                  <colgroup />
                  <thead
                    class="ant-table-thead"
                  >
                    <tr>
                      <th
                        class="ant-table-cell"
                        scope="col"
                      >
                        Carrier
                      </th>
                    </tr>
                  </thead>
                  <tbody
                    class="ant-table-tbody"
                  >
                    <tr
                      class="ant-table-row ant-table-row-level-0"
                      data-row-key="{"carrier":"aetna"}"
                    >
                      <td
                        class="ant-table-cell"
                      >
                        aetna
                      </td>
                    </tr>
                  </tbody>
                </table>
              </div>
            </div>
          </div>
        </div>
      </div>
    </div>
  </div>
</div>
`;
