// Jest Snapshot v1, https://goo.gl/fbAQLP

exports[`Card should render correctly 1`] = `
<div>
  <div
    class="ant-card ant-card-bordered j2-card j2-card-undefined css-dev-only-do-not-override-os2fvf"
  >
    <div
      class="ant-card-head"
    >
      <div
        class="ant-card-head-wrapper"
      >
        <div
          class="ant-card-head-title"
        >
          Test
        </div>
      </div>
    </div>
    <div
      class="ant-card-body"
    >
      Test
    </div>
  </div>
</div>
`;
